# sat_var meaning
1 p(x=1,value=1)
2 p(x=1,value=2)
3 p(x=1,value=3)
4 p(x=1,value=4)
5 p(x=1,value=5)
6 auxiliary
7 auxiliary
8 auxiliary
9 auxiliary
10 auxiliary
11 p(x=2,value=1)
12 p(x=2,value=2)
13 p(x=2,value=3)
14 p(x=2,value=4)
15 p(x=2,value=5)
16 auxiliary
17 auxiliary
18 auxiliary
19 auxiliary
20 auxiliary
21 p(x=3,value=1)
22 p(x=3,value=2)
23 p(x=3,value=3)
24 p(x=3,value=4)
25 p(x=3,value=5)
26 auxiliary
27 auxiliary
28 auxiliary
29 auxiliary
30 auxiliary
31 dummy(constraint=1,value=1)
32 dummy(constraint=1,value=2)
33 dummy(constraint=1,value=3)
34 dummy(constraint=1,value=4)
35 dummy(constraint=1,value=5)
36 auxiliary
37 auxiliary
38 auxiliary
39 auxiliary
40 auxiliary
41 auxiliary
42 auxiliary
43 auxiliary
44 auxiliary
45 auxiliary
46 auxiliary
47 auxiliary
48 auxiliary
49 auxiliary
50 auxiliary
51 auxiliary
52 auxiliary
53 auxiliary
54 auxiliary
55 auxiliary
56 auxiliary
57 auxiliary
58 auxiliary
59 auxiliary
60 auxiliary
61 auxiliary
62 auxiliary
63 auxiliary
64 auxiliary
65 auxiliary
66 auxiliary
67 auxiliary
68 auxiliary
69 auxiliary
70 auxiliary
71 auxiliary
72 auxiliary
73 auxiliary
74 auxiliary
75 auxiliary
76 auxiliary
77 auxiliary
78 auxiliary
79 auxiliary
80 auxiliary
